
===================================
VIEW 170.v16

Comparing 170.V56 to 170.v16:
0/1:  Dim - (10, 14) (8, 12).  
1 difference found.


===================================
VIEW 330.v16

Comparing 330.V56 to 330.v16:
0/0:  Org - (7, 3) (-1, 4).
0/1:  Org - (7, 3) (-1, 4).
0/2:  Org - (7, 3) (-1, 4).
0/3:  Org - (7, 3) (-1, 4).
0/4:  Org - (7, 3) (-1, 4).
0/5:  Org - (7, 3) (-1, 4).
0/6:  Org - (7, 3) (-1, 4).
0/7:  Org - (7, 3) (-1, 4).
0/8:  Org - (7, 3) (-1, 4).
0/9:  Org - (7, 3) (-1, 4).
0/10:  Org - (7, 3) (-1, 4).
0/11:  Org - (7, 3) (-1, 4).
0/12:  Org - (7, 3) (-1, 4).
0/13:  Org - (7, 3) (-1, 4).
0/14:  Org - (7, 3) (-1, 4).
0/15:  Org - (7, 3) (-1, 4).
16 differences found.


===================================
VIEW 1672.v16

Comparing 1672.V56 to 1672.v16:
No differences found.


===================================
VIEW 356.v16

Comparing 356.V56 to 356.v16:
0/1:  Dim - (41, 47) (42, 47).  
0/7:  Dim - (37, 47) (36, 47).  Org - (4, 0) (5, 0).
0/9:  Dim - (36, 47) (35, 47).  Org - (5, 0) (4, 0).
0/10:  Dim - (35, 48) (34, 48).  
6 differences found.


===================================
VIEW 525.v16

Comparing 525.V56 to 525.v16:
No differences found.


===================================
VIEW 281.v16

^C
